------------------------------------------------------------
TimeQuest Timing Analyzer Summary
------------------------------------------------------------

Type  : Slow 1200mV 85C Model Setup 'STM_SLAVE:U_STM_SLAVE|state.st_ID'
Slack : -3.761
TNS   : -3.761

Type  : Slow 1200mV 85C Model Setup 'i_CLK'
Slack : -2.069
TNS   : -12.137

Type  : Slow 1200mV 85C Model Setup 'i_SCL'
Slack : -1.380
TNS   : -26.960

Type  : Slow 1200mV 85C Model Setup 'STM_SLAVE:U_STM_SLAVE|state.st_RC_DATA'
Slack : -0.370
TNS   : -1.029

Type  : Slow 1200mV 85C Model Hold 'i_CLK'
Slack : -0.265
TNS   : -0.643

Type  : Slow 1200mV 85C Model Hold 'STM_SLAVE:U_STM_SLAVE|state.st_RC_DATA'
Slack : -0.104
TNS   : -0.815

Type  : Slow 1200mV 85C Model Hold 'i_SCL'
Slack : 0.367
TNS   : 0.000

Type  : Slow 1200mV 85C Model Hold 'STM_SLAVE:U_STM_SLAVE|state.st_ID'
Slack : 3.109
TNS   : 0.000

Type  : Slow 1200mV 85C Model Recovery 'i_SCL'
Slack : -1.750
TNS   : -8.750

Type  : Slow 1200mV 85C Model Removal 'i_SCL'
Slack : 2.326
TNS   : 0.000

Type  : Slow 1200mV 85C Model Minimum Pulse Width 'i_SCL'
Slack : -3.000
TNS   : -39.000

Type  : Slow 1200mV 85C Model Minimum Pulse Width 'i_CLK'
Slack : -3.000
TNS   : -16.000

Type  : Slow 1200mV 85C Model Minimum Pulse Width 'STM_SLAVE:U_STM_SLAVE|state.st_RC_DATA'
Slack : 0.416
TNS   : 0.000

Type  : Slow 1200mV 85C Model Minimum Pulse Width 'STM_SLAVE:U_STM_SLAVE|state.st_ID'
Slack : 0.423
TNS   : 0.000

Type  : Slow 1200mV 0C Model Setup 'STM_SLAVE:U_STM_SLAVE|state.st_ID'
Slack : -3.459
TNS   : -3.459

Type  : Slow 1200mV 0C Model Setup 'i_CLK'
Slack : -1.769
TNS   : -10.219

Type  : Slow 1200mV 0C Model Setup 'i_SCL'
Slack : -1.139
TNS   : -21.545

Type  : Slow 1200mV 0C Model Setup 'STM_SLAVE:U_STM_SLAVE|state.st_RC_DATA'
Slack : -0.367
TNS   : -0.959

Type  : Slow 1200mV 0C Model Hold 'i_CLK'
Slack : -0.410
TNS   : -1.121

Type  : Slow 1200mV 0C Model Hold 'STM_SLAVE:U_STM_SLAVE|state.st_RC_DATA'
Slack : 0.007
TNS   : 0.000

Type  : Slow 1200mV 0C Model Hold 'i_SCL'
Slack : 0.333
TNS   : 0.000

Type  : Slow 1200mV 0C Model Hold 'STM_SLAVE:U_STM_SLAVE|state.st_ID'
Slack : 2.913
TNS   : 0.000

Type  : Slow 1200mV 0C Model Recovery 'i_SCL'
Slack : -1.586
TNS   : -7.930

Type  : Slow 1200mV 0C Model Removal 'i_SCL'
Slack : 2.200
TNS   : 0.000

Type  : Slow 1200mV 0C Model Minimum Pulse Width 'i_SCL'
Slack : -3.000
TNS   : -39.000

Type  : Slow 1200mV 0C Model Minimum Pulse Width 'i_CLK'
Slack : -3.000
TNS   : -16.000

Type  : Slow 1200mV 0C Model Minimum Pulse Width 'STM_SLAVE:U_STM_SLAVE|state.st_RC_DATA'
Slack : 0.418
TNS   : 0.000

Type  : Slow 1200mV 0C Model Minimum Pulse Width 'STM_SLAVE:U_STM_SLAVE|state.st_ID'
Slack : 0.433
TNS   : 0.000

Type  : Fast 1200mV 0C Model Setup 'STM_SLAVE:U_STM_SLAVE|state.st_ID'
Slack : -2.209
TNS   : -2.209

Type  : Fast 1200mV 0C Model Setup 'i_CLK'
Slack : -0.685
TNS   : -3.113

Type  : Fast 1200mV 0C Model Setup 'i_SCL'
Slack : -0.327
TNS   : -5.539

Type  : Fast 1200mV 0C Model Setup 'STM_SLAVE:U_STM_SLAVE|state.st_RC_DATA'
Slack : -0.051
TNS   : -0.051

Type  : Fast 1200mV 0C Model Hold 'i_CLK'
Slack : -0.395
TNS   : -1.975

Type  : Fast 1200mV 0C Model Hold 'STM_SLAVE:U_STM_SLAVE|state.st_RC_DATA'
Slack : 0.161
TNS   : 0.000

Type  : Fast 1200mV 0C Model Hold 'i_SCL'
Slack : 0.192
TNS   : 0.000

Type  : Fast 1200mV 0C Model Hold 'STM_SLAVE:U_STM_SLAVE|state.st_ID'
Slack : 2.293
TNS   : 0.000

Type  : Fast 1200mV 0C Model Recovery 'i_SCL'
Slack : -1.021
TNS   : -5.105

Type  : Fast 1200mV 0C Model Removal 'i_SCL'
Slack : 1.763
TNS   : 0.000

Type  : Fast 1200mV 0C Model Minimum Pulse Width 'i_SCL'
Slack : -3.000
TNS   : -41.100

Type  : Fast 1200mV 0C Model Minimum Pulse Width 'i_CLK'
Slack : -3.000
TNS   : -16.609

Type  : Fast 1200mV 0C Model Minimum Pulse Width 'STM_SLAVE:U_STM_SLAVE|state.st_RC_DATA'
Slack : 0.442
TNS   : 0.000

Type  : Fast 1200mV 0C Model Minimum Pulse Width 'STM_SLAVE:U_STM_SLAVE|state.st_ID'
Slack : 0.458
TNS   : 0.000

------------------------------------------------------------
