------------------------------------------------------------
TimeQuest Timing Analyzer Summary
------------------------------------------------------------

Type  : Slow 1200mV 85C Model Setup 'U_PLL_100K|U_altpll0|altpll_component|auto_generated|pll1|clk[1]'
Slack : -7.802
TNS   : -276.961

Type  : Slow 1200mV 85C Model Setup 'STM_MASTER:U_STM_MASTER|state.st_SND_DATA'
Slack : -2.171
TNS   : -2.171

Type  : Slow 1200mV 85C Model Setup 'STM_MASTER:U_STM_MASTER|state.st_START_COM'
Slack : -1.440
TNS   : -1.440

Type  : Slow 1200mV 85C Model Setup 'STM_MASTER:U_STM_MASTER|state.st_CLOSE_COM'
Slack : -1.324
TNS   : -1.324

Type  : Slow 1200mV 85C Model Setup 'i_CLK'
Slack : -0.854
TNS   : -3.453

Type  : Slow 1200mV 85C Model Setup 'i_BT_A'
Slack : 0.222
TNS   : 0.000

Type  : Slow 1200mV 85C Model Setup 'i_RST'
Slack : 0.806
TNS   : 0.000

Type  : Slow 1200mV 85C Model Hold 'i_RST'
Slack : -2.234
TNS   : -21.424

Type  : Slow 1200mV 85C Model Hold 'i_CLK'
Slack : -1.875
TNS   : -2.576

Type  : Slow 1200mV 85C Model Hold 'i_BT_A'
Slack : -0.874
TNS   : -1.707

Type  : Slow 1200mV 85C Model Hold 'U_PLL_100K|U_altpll0|altpll_component|auto_generated|pll1|clk[1]'
Slack : 0.358
TNS   : 0.000

Type  : Slow 1200mV 85C Model Hold 'STM_MASTER:U_STM_MASTER|state.st_CLOSE_COM'
Slack : 0.701
TNS   : 0.000

Type  : Slow 1200mV 85C Model Hold 'STM_MASTER:U_STM_MASTER|state.st_START_COM'
Slack : 0.862
TNS   : 0.000

Type  : Slow 1200mV 85C Model Hold 'STM_MASTER:U_STM_MASTER|state.st_SND_DATA'
Slack : 1.571
TNS   : 0.000

Type  : Slow 1200mV 85C Model Recovery 'U_PLL_100K|U_altpll0|altpll_component|auto_generated|pll1|clk[1]'
Slack : -6.359
TNS   : -303.790

Type  : Slow 1200mV 85C Model Recovery 'STM_MASTER:U_STM_MASTER|state.st_START_COM'
Slack : -1.587
TNS   : -1.587

Type  : Slow 1200mV 85C Model Recovery 'STM_MASTER:U_STM_MASTER|state.st_SND_DATA'
Slack : -1.574
TNS   : -1.574

Type  : Slow 1200mV 85C Model Recovery 'STM_MASTER:U_STM_MASTER|state.st_CLOSE_COM'
Slack : -1.529
TNS   : -1.529

Type  : Slow 1200mV 85C Model Recovery 'i_CLK'
Slack : -0.129
TNS   : -0.357

Type  : Slow 1200mV 85C Model Recovery 'STM_MASTER:U_STM_MASTER|state.st_READ_SW'
Slack : -0.037
TNS   : -0.037

Type  : Slow 1200mV 85C Model Recovery 'i_BT_A'
Slack : 0.086
TNS   : 0.000

Type  : Slow 1200mV 85C Model Removal 'i_BT_A'
Slack : -0.892
TNS   : -1.769

Type  : Slow 1200mV 85C Model Removal 'STM_MASTER:U_STM_MASTER|state.st_READ_SW'
Slack : -0.385
TNS   : -3.030

Type  : Slow 1200mV 85C Model Removal 'i_CLK'
Slack : -0.050
TNS   : -0.220

Type  : Slow 1200mV 85C Model Removal 'STM_MASTER:U_STM_MASTER|state.st_CLOSE_COM'
Slack : 1.124
TNS   : 0.000

Type  : Slow 1200mV 85C Model Removal 'STM_MASTER:U_STM_MASTER|state.st_SND_DATA'
Slack : 1.228
TNS   : 0.000

Type  : Slow 1200mV 85C Model Removal 'STM_MASTER:U_STM_MASTER|state.st_START_COM'
Slack : 1.231
TNS   : 0.000

Type  : Slow 1200mV 85C Model Removal 'U_PLL_100K|U_altpll0|altpll_component|auto_generated|pll1|clk[1]'
Slack : 1.287
TNS   : 0.000

Type  : Slow 1200mV 85C Model Minimum Pulse Width 'i_RST'
Slack : -3.000
TNS   : -32.692

Type  : Slow 1200mV 85C Model Minimum Pulse Width 'i_BT_A'
Slack : -3.000
TNS   : -3.000

Type  : Slow 1200mV 85C Model Minimum Pulse Width 'STM_MASTER:U_STM_MASTER|state.st_START_COM'
Slack : 0.413
TNS   : 0.000

Type  : Slow 1200mV 85C Model Minimum Pulse Width 'STM_MASTER:U_STM_MASTER|state.st_CLOSE_COM'
Slack : 0.414
TNS   : 0.000

Type  : Slow 1200mV 85C Model Minimum Pulse Width 'STM_MASTER:U_STM_MASTER|state.st_SND_DATA'
Slack : 0.414
TNS   : 0.000

Type  : Slow 1200mV 85C Model Minimum Pulse Width 'STM_MASTER:U_STM_MASTER|state.st_READ_SW'
Slack : 0.455
TNS   : 0.000

Type  : Slow 1200mV 85C Model Minimum Pulse Width 'i_CLK'
Slack : 9.637
TNS   : 0.000

Type  : Slow 1200mV 85C Model Minimum Pulse Width 'U_PLL_100K|U_altpll0|altpll_component|auto_generated|pll1|clk[1]'
Slack : 4999.758
TNS   : 0.000

Type  : Slow 1200mV 0C Model Setup 'U_PLL_100K|U_altpll0|altpll_component|auto_generated|pll1|clk[1]'
Slack : -6.803
TNS   : -243.416

Type  : Slow 1200mV 0C Model Setup 'STM_MASTER:U_STM_MASTER|state.st_SND_DATA'
Slack : -2.041
TNS   : -2.041

Type  : Slow 1200mV 0C Model Setup 'STM_MASTER:U_STM_MASTER|state.st_START_COM'
Slack : -1.387
TNS   : -1.387

Type  : Slow 1200mV 0C Model Setup 'STM_MASTER:U_STM_MASTER|state.st_CLOSE_COM'
Slack : -1.288
TNS   : -1.288

Type  : Slow 1200mV 0C Model Setup 'i_CLK'
Slack : -0.746
TNS   : -2.857

Type  : Slow 1200mV 0C Model Setup 'i_BT_A'
Slack : 0.245
TNS   : 0.000

Type  : Slow 1200mV 0C Model Setup 'i_RST'
Slack : 0.859
TNS   : 0.000

Type  : Slow 1200mV 0C Model Hold 'i_RST'
Slack : -2.101
TNS   : -20.105

Type  : Slow 1200mV 0C Model Hold 'i_CLK'
Slack : -1.657
TNS   : -2.464

Type  : Slow 1200mV 0C Model Hold 'i_BT_A'
Slack : -0.706
TNS   : -1.410

Type  : Slow 1200mV 0C Model Hold 'U_PLL_100K|U_altpll0|altpll_component|auto_generated|pll1|clk[1]'
Slack : 0.312
TNS   : 0.000

Type  : Slow 1200mV 0C Model Hold 'STM_MASTER:U_STM_MASTER|state.st_CLOSE_COM'
Slack : 0.837
TNS   : 0.000

Type  : Slow 1200mV 0C Model Hold 'STM_MASTER:U_STM_MASTER|state.st_START_COM'
Slack : 0.975
TNS   : 0.000

Type  : Slow 1200mV 0C Model Hold 'STM_MASTER:U_STM_MASTER|state.st_SND_DATA'
Slack : 1.618
TNS   : 0.000

Type  : Slow 1200mV 0C Model Recovery 'U_PLL_100K|U_altpll0|altpll_component|auto_generated|pll1|clk[1]'
Slack : -5.715
TNS   : -272.859

Type  : Slow 1200mV 0C Model Recovery 'STM_MASTER:U_STM_MASTER|state.st_START_COM'
Slack : -1.481
TNS   : -1.481

Type  : Slow 1200mV 0C Model Recovery 'STM_MASTER:U_STM_MASTER|state.st_SND_DATA'
Slack : -1.470
TNS   : -1.470

Type  : Slow 1200mV 0C Model Recovery 'STM_MASTER:U_STM_MASTER|state.st_CLOSE_COM'
Slack : -1.430
TNS   : -1.430

Type  : Slow 1200mV 0C Model Recovery 'STM_MASTER:U_STM_MASTER|state.st_READ_SW'
Slack : -0.110
TNS   : -0.150

Type  : Slow 1200mV 0C Model Recovery 'i_CLK'
Slack : -0.003
TNS   : -0.010

Type  : Slow 1200mV 0C Model Recovery 'i_BT_A'
Slack : 0.130
TNS   : 0.000

Type  : Slow 1200mV 0C Model Removal 'i_BT_A'
Slack : -0.757
TNS   : -1.499

Type  : Slow 1200mV 0C Model Removal 'STM_MASTER:U_STM_MASTER|state.st_READ_SW'
Slack : -0.246
TNS   : -1.922

Type  : Slow 1200mV 0C Model Removal 'i_CLK'
Slack : -0.067
TNS   : -0.101

Type  : Slow 1200mV 0C Model Removal 'U_PLL_100K|U_altpll0|altpll_component|auto_generated|pll1|clk[1]'
Slack : 1.048
TNS   : 0.000

Type  : Slow 1200mV 0C Model Removal 'STM_MASTER:U_STM_MASTER|state.st_CLOSE_COM'
Slack : 1.091
TNS   : 0.000

Type  : Slow 1200mV 0C Model Removal 'STM_MASTER:U_STM_MASTER|state.st_SND_DATA'
Slack : 1.182
TNS   : 0.000

Type  : Slow 1200mV 0C Model Removal 'STM_MASTER:U_STM_MASTER|state.st_START_COM'
Slack : 1.183
TNS   : 0.000

Type  : Slow 1200mV 0C Model Minimum Pulse Width 'i_RST'
Slack : -3.000
TNS   : -27.103

Type  : Slow 1200mV 0C Model Minimum Pulse Width 'i_BT_A'
Slack : -3.000
TNS   : -3.000

Type  : Slow 1200mV 0C Model Minimum Pulse Width 'STM_MASTER:U_STM_MASTER|state.st_CLOSE_COM'
Slack : 0.426
TNS   : 0.000

Type  : Slow 1200mV 0C Model Minimum Pulse Width 'STM_MASTER:U_STM_MASTER|state.st_START_COM'
Slack : 0.427
TNS   : 0.000

Type  : Slow 1200mV 0C Model Minimum Pulse Width 'STM_MASTER:U_STM_MASTER|state.st_SND_DATA'
Slack : 0.428
TNS   : 0.000

Type  : Slow 1200mV 0C Model Minimum Pulse Width 'STM_MASTER:U_STM_MASTER|state.st_READ_SW'
Slack : 0.485
TNS   : 0.000

Type  : Slow 1200mV 0C Model Minimum Pulse Width 'i_CLK'
Slack : 9.638
TNS   : 0.000

Type  : Slow 1200mV 0C Model Minimum Pulse Width 'U_PLL_100K|U_altpll0|altpll_component|auto_generated|pll1|clk[1]'
Slack : 4999.753
TNS   : 0.000

Type  : Fast 1200mV 0C Model Setup 'U_PLL_100K|U_altpll0|altpll_component|auto_generated|pll1|clk[1]'
Slack : -4.121
TNS   : -145.568

Type  : Fast 1200mV 0C Model Setup 'STM_MASTER:U_STM_MASTER|state.st_SND_DATA'
Slack : -1.236
TNS   : -1.236

Type  : Fast 1200mV 0C Model Setup 'STM_MASTER:U_STM_MASTER|state.st_START_COM'
Slack : -0.767
TNS   : -0.767

Type  : Fast 1200mV 0C Model Setup 'STM_MASTER:U_STM_MASTER|state.st_CLOSE_COM'
Slack : -0.684
TNS   : -0.684

Type  : Fast 1200mV 0C Model Setup 'i_CLK'
Slack : -0.178
TNS   : -0.580

Type  : Fast 1200mV 0C Model Setup 'i_BT_A'
Slack : 0.051
TNS   : 0.000

Type  : Fast 1200mV 0C Model Setup 'i_RST'
Slack : 0.597
TNS   : 0.000

Type  : Fast 1200mV 0C Model Hold 'i_CLK'
Slack : -1.184
TNS   : -3.745

Type  : Fast 1200mV 0C Model Hold 'i_RST'
Slack : -1.143
TNS   : -9.857

Type  : Fast 1200mV 0C Model Hold 'i_BT_A'
Slack : -0.591
TNS   : -1.115

Type  : Fast 1200mV 0C Model Hold 'U_PLL_100K|U_altpll0|altpll_component|auto_generated|pll1|clk[1]'
Slack : 0.185
TNS   : 0.000

Type  : Fast 1200mV 0C Model Hold 'STM_MASTER:U_STM_MASTER|state.st_CLOSE_COM'
Slack : 0.684
TNS   : 0.000

Type  : Fast 1200mV 0C Model Hold 'STM_MASTER:U_STM_MASTER|state.st_START_COM'
Slack : 0.791
TNS   : 0.000

Type  : Fast 1200mV 0C Model Hold 'STM_MASTER:U_STM_MASTER|state.st_SND_DATA'
Slack : 1.204
TNS   : 0.000

Type  : Fast 1200mV 0C Model Recovery 'U_PLL_100K|U_altpll0|altpll_component|auto_generated|pll1|clk[1]'
Slack : -3.528
TNS   : -166.587

Type  : Fast 1200mV 0C Model Recovery 'STM_MASTER:U_STM_MASTER|state.st_START_COM'
Slack : -0.661
TNS   : -0.661

Type  : Fast 1200mV 0C Model Recovery 'STM_MASTER:U_STM_MASTER|state.st_SND_DATA'
Slack : -0.656
TNS   : -0.656

Type  : Fast 1200mV 0C Model Recovery 'STM_MASTER:U_STM_MASTER|state.st_CLOSE_COM'
Slack : -0.596
TNS   : -0.596

Type  : Fast 1200mV 0C Model Recovery 'i_BT_A'
Slack : -0.040
TNS   : -0.040

Type  : Fast 1200mV 0C Model Recovery 'i_CLK'
Slack : 0.108
TNS   : 0.000

Type  : Fast 1200mV 0C Model Recovery 'STM_MASTER:U_STM_MASTER|state.st_READ_SW'
Slack : 0.309
TNS   : 0.000

Type  : Fast 1200mV 0C Model Removal 'i_BT_A'
Slack : -0.622
TNS   : -1.237

Type  : Fast 1200mV 0C Model Removal 'i_CLK'
Slack : -0.465
TNS   : -2.220

Type  : Fast 1200mV 0C Model Removal 'STM_MASTER:U_STM_MASTER|state.st_READ_SW'
Slack : -0.012
TNS   : -0.040

Type  : Fast 1200mV 0C Model Removal 'U_PLL_100K|U_altpll0|altpll_component|auto_generated|pll1|clk[1]'
Slack : 0.752
TNS   : 0.000

Type  : Fast 1200mV 0C Model Removal 'STM_MASTER:U_STM_MASTER|state.st_CLOSE_COM'
Slack : 0.909
TNS   : 0.000

Type  : Fast 1200mV 0C Model Removal 'STM_MASTER:U_STM_MASTER|state.st_START_COM'
Slack : 0.988
TNS   : 0.000

Type  : Fast 1200mV 0C Model Removal 'STM_MASTER:U_STM_MASTER|state.st_SND_DATA'
Slack : 0.990
TNS   : 0.000

Type  : Fast 1200mV 0C Model Minimum Pulse Width 'i_RST'
Slack : -3.000
TNS   : -17.968

Type  : Fast 1200mV 0C Model Minimum Pulse Width 'i_BT_A'
Slack : -3.000
TNS   : -3.000

Type  : Fast 1200mV 0C Model Minimum Pulse Width 'STM_MASTER:U_STM_MASTER|state.st_READ_SW'
Slack : 0.421
TNS   : 0.000

Type  : Fast 1200mV 0C Model Minimum Pulse Width 'STM_MASTER:U_STM_MASTER|state.st_START_COM'
Slack : 0.449
TNS   : 0.000

Type  : Fast 1200mV 0C Model Minimum Pulse Width 'STM_MASTER:U_STM_MASTER|state.st_SND_DATA'
Slack : 0.450
TNS   : 0.000

Type  : Fast 1200mV 0C Model Minimum Pulse Width 'STM_MASTER:U_STM_MASTER|state.st_CLOSE_COM'
Slack : 0.451
TNS   : 0.000

Type  : Fast 1200mV 0C Model Minimum Pulse Width 'i_CLK'
Slack : 9.400
TNS   : 0.000

Type  : Fast 1200mV 0C Model Minimum Pulse Width 'U_PLL_100K|U_altpll0|altpll_component|auto_generated|pll1|clk[1]'
Slack : 4999.740
TNS   : 0.000

------------------------------------------------------------
